
> mediashelf@2.0.0 test:e2e
> playwright test


Running 40 tests using 1 worker

  ok  1 [desktop] › tests\mediashelf.spec.ts:154:1 › category menu, filters, global search and keyboard navigation (8.6s)
  ok  2 [desktop] › tests\mediashelf.spec.ts:186:1 › film has only planned and watched; public scores are separate from personal rating (5.6s)
  ok  3 [desktop] › tests\mediashelf.spec.ts:216:1 › independent Xbox and Epic runs survive reload and deleting one preserves the other (7.0s)
  ok  4 [desktop] › tests\mediashelf.spec.ts:269:1 › seasons, watched episodes and reviews survive refresh and remain independent (7.8s)
  ok  5 [desktop] › tests\mediashelf.spec.ts:317:1 › backup export and restore preserve collection; corrupt import cannot replace it (5.8s)
  ok  6 [desktop] › tests\mediashelf.spec.ts:343:1 › custom game board movement changes only status, and removal is confirmed (4.9s)
  ok  7 [desktop] › tests\mediashelf.spec.ts:373:1 › roulette source and category filters select a valid result and support replay (3.3s)
  x   8 [desktop] › tests\mediashelf.spec.ts:392:1 › profile choices, price filters and pinned navigation work on narrow screens (5.2s)
  ok  9 [desktop] › tests\mediashelf.spec.ts:420:1 › corrupt persisted data is kept intact; blocked storage retains in-memory edits (4.8s)
  ok 10 [desktop] › tests\mediashelf.spec.ts:437:1 › clearing a search resets page one and an unavailable source offers retry (5.9s)
  ok 11 [desktop] › tests\mediashelf.spec.ts:473:1 › server validates catalog region, method and metadata batch (519ms)
  ok 12 [desktop] › tests\mediashelf.spec.ts:489:1 › preview has usable close, focus return and stable poster bounds (5.4s)
  ok 13 [desktop] › tests\mediashelf.spec.ts:523:1 › legacy episodes migrate explicitly; manual additions survive remote refresh and offline errors (7.5s)
  ok 14 [desktop] › tests\mediashelf.spec.ts:577:1 › unmarked games remain reachable on the board (5.2s)
  ok 15 [desktop] › tests\mediashelf.spec.ts:597:1 › custom sorting, fixed search and text scaling retain keyboard access (4.3s)
  ok 16 [desktop] › tests\mediashelf.spec.ts:630:1 › enlarged text preserves header actions and a compact missing poster (4.7s)
  ok 17 [desktop] › tests\mediashelf.spec.ts:659:1 › separate pages support direct links, reload and browser history without losing search or collection (13.4s)
  ok 18 [desktop] › tests\mediashelf.spec.ts:706:1 › five-page navigation stays within the viewport at all supported widths (6.9s)
  ok 19 [desktop] › tests\mediashelf.spec.ts:724:1 › charts keep source ratings, independent poster controls and numbered categories (5.4s)
  ok 20 [desktop] › tests\mediashelf.spec.ts:780:1 › charts expose loading and recover from failed or empty sources (4.4s)
  ok 21 [mobile] › tests\mediashelf.spec.ts:154:1 › category menu, filters, global search and keyboard navigation (7.4s)
  ok 22 [mobile] › tests\mediashelf.spec.ts:186:1 › film has only planned and watched; public scores are separate from personal rating (5.8s)
  ok 23 [mobile] › tests\mediashelf.spec.ts:216:1 › independent Xbox and Epic runs survive reload and deleting one preserves the other (6.8s)
  ok 24 [mobile] › tests\mediashelf.spec.ts:269:1 › seasons, watched episodes and reviews survive refresh and remain independent (7.8s)
  ok 25 [mobile] › tests\mediashelf.spec.ts:317:1 › backup export and restore preserve collection; corrupt import cannot replace it (5.6s)
  ok 26 [mobile] › tests\mediashelf.spec.ts:343:1 › custom game board movement changes only status, and removal is confirmed (4.7s)
  ok 27 [mobile] › tests\mediashelf.spec.ts:373:1 › roulette source and category filters select a valid result and support replay (3.0s)
  x  28 [mobile] › tests\mediashelf.spec.ts:392:1 › profile choices, price filters and pinned navigation work on narrow screens (4.6s)
  ok 29 [mobile] › tests\mediashelf.spec.ts:420:1 › corrupt persisted data is kept intact; blocked storage retains in-memory edits (4.3s)
  ok 30 [mobile] › tests\mediashelf.spec.ts:437:1 › clearing a search resets page one and an unavailable source offers retry (5.9s)
  ok 31 [mobile] › tests\mediashelf.spec.ts:473:1 › server validates catalog region, method and metadata batch (478ms)
  ok 32 [mobile] › tests\mediashelf.spec.ts:489:1 › preview has usable close, focus return and stable poster bounds (4.5s)
  ok 33 [mobile] › tests\mediashelf.spec.ts:523:1 › legacy episodes migrate explicitly; manual additions survive remote refresh and offline errors (7.2s)
  ok 34 [mobile] › tests\mediashelf.spec.ts:577:1 › unmarked games remain reachable on the board (4.7s)
  ok 35 [mobile] › tests\mediashelf.spec.ts:597:1 › custom sorting, fixed search and text scaling retain keyboard access (3.8s)
  ok 36 [mobile] › tests\mediashelf.spec.ts:630:1 › enlarged text preserves header actions and a compact missing poster (4.8s)
  ok 37 [mobile] › tests\mediashelf.spec.ts:659:1 › separate pages support direct links, reload and browser history without losing search or collection (13.3s)
  ok 38 [mobile] › tests\mediashelf.spec.ts:706:1 › five-page navigation stays within the viewport at all supported widths (6.9s)
  ok 39 [mobile] › tests\mediashelf.spec.ts:724:1 › charts keep source ratings, independent poster controls and numbered categories (5.0s)
  ok 40 [mobile] › tests\mediashelf.spec.ts:780:1 › charts expose loading and recover from failed or empty sources (4.1s)


  1) [desktop] › tests\mediashelf.spec.ts:392:1 › profile choices, price filters and pinned navigation work on narrow screens 

    Error: locator.check: Clicking the checkbox did not change its state
    Call log:
      - waiting for getByRole('checkbox', { name: 'Со скидкой' })
        - locator resolved to <input type="checkbox"/>
      - attempting click action
        - waiting for element to be visible, enabled and stable
        - element is visible, enabled and stable
        - scrolling into view if needed
        - done scrolling
        - performing click action
        - click action done
        - waiting for scheduled navigations to finish
        - navigations have finished


      406 |   await category(page, 'Игры')
      407 |   await page.getByRole('button', { name: /^Фильтры/ }).click()
    > 408 |   await page.getByRole('checkbox', { name: 'Со скидкой' }).check()
          |                                                            ^
      409 |   await page.getByRole('combobox', { name: 'Магазин', exact: true }).selectOption('steam')
      410 |   await expect(page.locator('.media-card')).toHaveCount(8)
      411 |   await page.locator('#catalog').evaluate((e) => e.scrollIntoView())
        at D:\Projects\MediaShelf\tests\mediashelf.spec.ts:408:60

    attachment #1: screenshot (image/png) ──────────────────────────────────────────────────────────
    test-results\mediashelf-profile-choices-4fb0d-tion-work-on-narrow-screens-desktop\test-failed-1.png
    ────────────────────────────────────────────────────────────────────────────────────────────────

    Error Context: test-results\mediashelf-profile-choices-4fb0d-tion-work-on-narrow-screens-desktop\error-context.md

    attachment #3: trace (application/zip) ─────────────────────────────────────────────────────────
    test-results\mediashelf-profile-choices-4fb0d-tion-work-on-narrow-screens-desktop\trace.zip
    Usage:

        npx playwright show-trace test-results\mediashelf-profile-choices-4fb0d-tion-work-on-narrow-screens-desktop\trace.zip

    ────────────────────────────────────────────────────────────────────────────────────────────────

  2) [mobile] › tests\mediashelf.spec.ts:392:1 › profile choices, price filters and pinned navigation work on narrow screens 

    Error: locator.check: Clicking the checkbox did not change its state
    Call log:
      - waiting for getByRole('checkbox', { name: 'Со скидкой' })
        - locator resolved to <input type="checkbox"/>
      - attempting click action
        - waiting for element to be visible, enabled and stable
        - element is visible, enabled and stable
        - scrolling into view if needed
        - done scrolling
        - performing click action
        - click action done
        - waiting for scheduled navigations to finish
        - navigations have finished


      406 |   await category(page, 'Игры')
      407 |   await page.getByRole('button', { name: /^Фильтры/ }).click()
    > 408 |   await page.getByRole('checkbox', { name: 'Со скидкой' }).check()
          |                                                            ^
      409 |   await page.getByRole('combobox', { name: 'Магазин', exact: true }).selectOption('steam')
      410 |   await expect(page.locator('.media-card')).toHaveCount(8)
      411 |   await page.locator('#catalog').evaluate((e) => e.scrollIntoView())
        at D:\Projects\MediaShelf\tests\mediashelf.spec.ts:408:60

    attachment #1: screenshot (image/png) ──────────────────────────────────────────────────────────
    test-results\mediashelf-profile-choices-4fb0d-tion-work-on-narrow-screens-mobile\test-failed-1.png
    ────────────────────────────────────────────────────────────────────────────────────────────────

    Error Context: test-results\mediashelf-profile-choices-4fb0d-tion-work-on-narrow-screens-mobile\error-context.md

    attachment #3: trace (application/zip) ─────────────────────────────────────────────────────────
    test-results\mediashelf-profile-choices-4fb0d-tion-work-on-narrow-screens-mobile\trace.zip
    Usage:

        npx playwright show-trace test-results\mediashelf-profile-choices-4fb0d-tion-work-on-narrow-screens-mobile\trace.zip

    ────────────────────────────────────────────────────────────────────────────────────────────────

  2 failed
    [desktop] › tests\mediashelf.spec.ts:392:1 › profile choices, price filters and pinned navigation work on narrow screens 
    [mobile] › tests\mediashelf.spec.ts:392:1 › profile choices, price filters and pinned navigation work on narrow screens 
  38 passed (4.1m)

To open last HTML report run:
[36m[39m
[36m  npx playwright show-report[39m
[36m[39m
